// Jest Snapshot v1, https://goo.gl/fbAQLP

exports[`AuthController login should throw an error 1`] = `""`;
